../User/LSM9DS0/LSM9DS0.c:8:6:LSM9DS0_SN74LS157_GPIO_Init	8	static
../User/LSM9DS0/LSM9DS0.c:76:6:WriteSingleToLSM9DS0_XM	24	static
../User/LSM9DS0/LSM9DS0.c:96:6:WriteMultipleToLSM9DS0_XM	32	static
../User/LSM9DS0/LSM9DS0.c:119:4:ReadSingleFromLSM9DS0_X	32	static
../User/LSM9DS0/LSM9DS0.c:132:4:ReadSingleFromLSM9DS0_M	32	static
../User/LSM9DS0/LSM9DS0.c:144:4:ReadSingleFromLSM9DS0_T	32	static
../User/LSM9DS0/LSM9DS0.c:172:6:ReadMultipleFromLSM9DS0_X	56	static
../User/LSM9DS0/LSM9DS0.c:187:6:ReadMultipleFromLSM9DS0_M	56	static
../User/LSM9DS0/LSM9DS0.c:202:6:ReadMultipleFromLSM9DS0_T	56	static
../User/LSM9DS0/LSM9DS0.c:216:6:LSM9DS0_Start	8	static
